components/ScheduleBuilder.tsx(141,28): error TS7006: Parameter 'prev' implicitly has an 'any' type.
components/ScheduleBuilder.tsx(143,34): error TS7006: Parameter 'prev' implicitly has an 'any' type.
services/geminiService.ts(2,34): error TS2339: Property 'env' does not exist on type 'ImportMeta'.
